Archive member included to satisfy reference by file (symbol)

c:/intelfpga_lite/18.1/nios2eds/bin/gnu/h-x86_64-mingw32/bin/../lib/gcc/nios2-elf/5.3.0/../../../../../H-x86_64-mingw32/nios2-elf/lib\libsmallc.a(lib_a-puts.o)
                              obj/default/main.o (puts)
c:/intelfpga_lite/18.1/nios2eds/bin/gnu/h-x86_64-mingw32/bin/../lib/gcc/nios2-elf/5.3.0/../../../../../H-x86_64-mingw32/nios2-elf/lib\libsmallc.a(lib_a-strlen.o)
                              c:/intelfpga_lite/18.1/nios2eds/bin/gnu/h-x86_64-mingw32/bin/../lib/gcc/nios2-elf/5.3.0/../../../../../H-x86_64-mingw32/nios2-elf/lib\libsmallc.a(lib_a-puts.o) (strlen)
c:/intelfpga_lite/18.1/nios2eds/bin/gnu/h-x86_64-mingw32/bin/../lib/gcc/nios2-elf/5.3.0/../../../../../H-x86_64-mingw32/nios2-elf/lib\libsmallc.a(lib_a-fvwrite_small_dev.o)
                              c:/intelfpga_lite/18.1/nios2eds/bin/gnu/h-x86_64-mingw32/bin/../lib/gcc/nios2-elf/5.3.0/../../../../../H-x86_64-mingw32/nios2-elf/lib\libsmallc.a(lib_a-puts.o) (__sfvwrite_small_dev)
c:/intelfpga_lite/18.1/nios2eds/bin/gnu/h-x86_64-mingw32/bin/../lib/gcc/nios2-elf/5.3.0/../../../../../H-x86_64-mingw32/nios2-elf/lib\libsmallc.a(lib_a-impure.o)
                              c:/intelfpga_lite/18.1/nios2eds/bin/gnu/h-x86_64-mingw32/bin/../lib/gcc/nios2-elf/5.3.0/../../../../../H-x86_64-mingw32/nios2-elf/lib\libsmallc.a(lib_a-puts.o) (_impure_ptr)
c:/intelfpga_lite/18.1/nios2eds/bin/gnu/h-x86_64-mingw32/bin/../lib/gcc/nios2-elf/5.3.0/../../../../../H-x86_64-mingw32/nios2-elf/lib\libsmallc.a(lib_a-writer.o)
                              c:/intelfpga_lite/18.1/nios2eds/bin/gnu/h-x86_64-mingw32/bin/../lib/gcc/nios2-elf/5.3.0/../../../../../H-x86_64-mingw32/nios2-elf/lib\libsmallc.a(lib_a-fvwrite_small_dev.o) (_write_r)
c:/intelfpga_lite/18.1/nios2eds/bin/gnu/h-x86_64-mingw32/bin/../lib/gcc/nios2-elf/5.3.0/../../../../../H-x86_64-mingw32/nios2-elf/lib\libsmallc.a(lib_a-int_errno.o)
                              c:/intelfpga_lite/18.1/nios2eds/bin/gnu/h-x86_64-mingw32/bin/../lib/gcc/nios2-elf/5.3.0/../../../../../H-x86_64-mingw32/nios2-elf/lib\libsmallc.a(lib_a-writer.o) (errno)
../Tarea1_CPU_bsp/\libhal_bsp.a(alt_iic.o)
                              obj/default/main.o (alt_ic_isr_register)
../Tarea1_CPU_bsp/\libhal_bsp.a(alt_iic_isr_register.o)
                              ../Tarea1_CPU_bsp/\libhal_bsp.a(alt_iic.o) (alt_iic_isr_register)
../Tarea1_CPU_bsp/\libhal_bsp.a(alt_irq_entry.o)
                              ../Tarea1_CPU_bsp/\libhal_bsp.a(alt_iic_isr_register.o) (alt_irq_entry)
../Tarea1_CPU_bsp/\libhal_bsp.a(alt_irq_handler.o)
                              ../Tarea1_CPU_bsp/\libhal_bsp.a(alt_iic_isr_register.o) (alt_irq_handler)
../Tarea1_CPU_bsp/\libhal_bsp.a(alt_irq_vars.o)
                              ../Tarea1_CPU_bsp/\libhal_bsp.a(alt_iic.o) (alt_irq_active)
../Tarea1_CPU_bsp/\libhal_bsp.a(alt_load.o)
                              ../Tarea1_CPU_bsp//obj/HAL/src/crt0.o (alt_load)
../Tarea1_CPU_bsp/\libhal_bsp.a(alt_main.o)
                              ../Tarea1_CPU_bsp//obj/HAL/src/crt0.o (alt_main)
../Tarea1_CPU_bsp/\libhal_bsp.a(alt_write.o)
                              c:/intelfpga_lite/18.1/nios2eds/bin/gnu/h-x86_64-mingw32/bin/../lib/gcc/nios2-elf/5.3.0/../../../../../H-x86_64-mingw32/nios2-elf/lib\libsmallc.a(lib_a-writer.o) (write)
../Tarea1_CPU_bsp/\libhal_bsp.a(alt_sys_init.o)
                              ../Tarea1_CPU_bsp/\libhal_bsp.a(alt_main.o) (alt_irq_init)
../Tarea1_CPU_bsp/\libhal_bsp.a(altera_avalon_jtag_uart_write.o)
                              ../Tarea1_CPU_bsp/\libhal_bsp.a(alt_write.o) (altera_avalon_jtag_uart_write)
../Tarea1_CPU_bsp/\libhal_bsp.a(alt_dcache_flush_all.o)
                              ../Tarea1_CPU_bsp/\libhal_bsp.a(alt_load.o) (alt_dcache_flush_all)
../Tarea1_CPU_bsp/\libhal_bsp.a(alt_errno.o)
                              ../Tarea1_CPU_bsp/\libhal_bsp.a(alt_write.o) (alt_errno)
../Tarea1_CPU_bsp/\libhal_bsp.a(alt_exception_entry.o)
                              ../Tarea1_CPU_bsp/\libhal_bsp.a(alt_irq_entry.o) (alt_exception)
../Tarea1_CPU_bsp/\libhal_bsp.a(alt_icache_flush_all.o)
                              ../Tarea1_CPU_bsp/\libhal_bsp.a(alt_load.o) (alt_icache_flush_all)
../Tarea1_CPU_bsp/\libhal_bsp.a(alt_instruction_exception_entry.o)
                              ../Tarea1_CPU_bsp/\libhal_bsp.a(alt_exception_entry.o) (alt_instruction_exception_entry)
../Tarea1_CPU_bsp/\libhal_bsp.a(altera_nios2_gen2_irq.o)
                              ../Tarea1_CPU_bsp/\libhal_bsp.a(alt_sys_init.o) (altera_nios2_gen2_irq_init)
../Tarea1_CPU_bsp/\libhal_bsp.a(alt_icache_flush.o)
                              ../Tarea1_CPU_bsp/\libhal_bsp.a(alt_icache_flush_all.o) (alt_icache_flush)

Allocating common symbols
Common symbol       size              file

alt_irq             0x100             ../Tarea1_CPU_bsp/\libhal_bsp.a(alt_irq_handler.o)
errno               0x4               c:/intelfpga_lite/18.1/nios2eds/bin/gnu/h-x86_64-mingw32/bin/../lib/gcc/nios2-elf/5.3.0/../../../../../H-x86_64-mingw32/nios2-elf/lib\libsmallc.a(lib_a-int_errno.o)
fallof_ptr          0x4               obj/default/main.o

Memory Configuration

Name             Origin             Length             Attributes
reset            0x0000000000010000 0x0000000000000020
SRAM             0x0000000000010020 0x0000000000009fe0
*default*        0x0000000000000000 0xffffffffffffffff

Linker script and memory map

LOAD ../Tarea1_CPU_bsp//obj/HAL/src/crt0.o
LOAD obj/default/main.o
LOAD obj/default/segments.o
LOAD c:/intelfpga_lite/18.1/nios2eds/bin/gnu/h-x86_64-mingw32/bin/../lib/gcc/nios2-elf/5.3.0/../../../../../H-x86_64-mingw32/nios2-elf/lib\libstdc++.a
LOAD c:/intelfpga_lite/18.1/nios2eds/bin/gnu/h-x86_64-mingw32/bin/../lib/gcc/nios2-elf/5.3.0/../../../../../H-x86_64-mingw32/nios2-elf/lib\libm.a
LOAD c:/intelfpga_lite/18.1/nios2eds/bin/gnu/h-x86_64-mingw32/bin/../lib/gcc/nios2-elf/5.3.0\libgcc.a
START GROUP
LOAD c:/intelfpga_lite/18.1/nios2eds/bin/gnu/h-x86_64-mingw32/bin/../lib/gcc/nios2-elf/5.3.0/../../../../../H-x86_64-mingw32/nios2-elf/lib\libsmallc.a
LOAD c:/intelfpga_lite/18.1/nios2eds/bin/gnu/h-x86_64-mingw32/bin/../lib/gcc/nios2-elf/5.3.0\libgcc.a
LOAD ../Tarea1_CPU_bsp/\libhal_bsp.a
LOAD c:/intelfpga_lite/18.1/nios2eds/bin/gnu/h-x86_64-mingw32/bin/../lib/gcc/nios2-elf/5.3.0/../../../../../H-x86_64-mingw32/nios2-elf/lib\libm.a
END GROUP
LOAD c:/intelfpga_lite/18.1/nios2eds/bin/gnu/h-x86_64-mingw32/bin/../lib/gcc/nios2-elf/5.3.0\libgcc.a
                0x0000000000010000                __alt_mem_SRAM = 0x10000

.entry          0x0000000000010000       0x20
 *(.entry)
 .entry         0x0000000000010000       0x20 ../Tarea1_CPU_bsp//obj/HAL/src/crt0.o
                0x0000000000010000                __reset
                0x000000000001001c                _exit

.exceptions     0x0000000000010020      0x168
                0x0000000000010020                PROVIDE (__ram_exceptions_start, ABSOLUTE (.))
                0x0000000000010020                . = ALIGN (0x20)
 *(.irq)
 *(.exceptions.entry.label)
 .exceptions.entry.label
                0x0000000000010020        0x0 ../Tarea1_CPU_bsp/\libhal_bsp.a(alt_irq_entry.o)
                0x0000000000010020                alt_irq_entry
 .exceptions.entry.label
                0x0000000000010020        0x0 ../Tarea1_CPU_bsp/\libhal_bsp.a(alt_exception_entry.o)
                0x0000000000010020                alt_exception
 *(.exceptions.entry.user)
 *(.exceptions.entry.ecc_fatal)
 *(.exceptions.entry)
 .exceptions.entry
                0x0000000000010020       0x54 ../Tarea1_CPU_bsp/\libhal_bsp.a(alt_exception_entry.o)
 *(.exceptions.irqtest.user)
 *(.exceptions.irqtest)
 .exceptions.irqtest
                0x0000000000010074       0x10 ../Tarea1_CPU_bsp/\libhal_bsp.a(alt_irq_entry.o)
 *(.exceptions.irqhandler.user)
 *(.exceptions.irqhandler)
 .exceptions.irqhandler
                0x0000000000010084        0x4 ../Tarea1_CPU_bsp/\libhal_bsp.a(alt_irq_entry.o)
 *(.exceptions.irqreturn.user)
 *(.exceptions.irqreturn)
 .exceptions.irqreturn
                0x0000000000010088        0x4 ../Tarea1_CPU_bsp/\libhal_bsp.a(alt_irq_entry.o)
 *(.exceptions.notirq.label)
 .exceptions.notirq.label
                0x000000000001008c        0x0 ../Tarea1_CPU_bsp/\libhal_bsp.a(alt_irq_entry.o)
 *(.exceptions.notirq.user)
 *(.exceptions.notirq)
 .exceptions.notirq
                0x000000000001008c        0x8 ../Tarea1_CPU_bsp/\libhal_bsp.a(alt_exception_entry.o)
 *(.exceptions.soft.user)
 *(.exceptions.soft)
 *(.exceptions.unknown.user)
 *(.exceptions.unknown)
 .exceptions.unknown
                0x0000000000010094       0x14 ../Tarea1_CPU_bsp/\libhal_bsp.a(alt_exception_entry.o)
 *(.exceptions.exit.label)
 .exceptions.exit.label
                0x00000000000100a8        0x0 ../Tarea1_CPU_bsp/\libhal_bsp.a(alt_irq_entry.o)
 .exceptions.exit.label
                0x00000000000100a8        0x0 ../Tarea1_CPU_bsp/\libhal_bsp.a(alt_exception_entry.o)
 *(.exceptions.exit.user)
 *(.exceptions.exit)
 .exceptions.exit
                0x00000000000100a8       0x54 ../Tarea1_CPU_bsp/\libhal_bsp.a(alt_exception_entry.o)
 *(.exceptions)
 .exceptions    0x00000000000100fc       0x60 ../Tarea1_CPU_bsp/\libhal_bsp.a(alt_irq_handler.o)
                0x00000000000100fc                alt_irq_handler
 .exceptions    0x000000000001015c       0x2c ../Tarea1_CPU_bsp/\libhal_bsp.a(alt_instruction_exception_entry.o)
                0x000000000001015c                alt_instruction_exception_entry
                0x0000000000010188                PROVIDE (__ram_exceptions_end, ABSOLUTE (.))
                0x0000000000010020                PROVIDE (__flash_exceptions_start, LOADADDR (.exceptions))

.text           0x0000000000010188      0xb84
                [!provide]                        PROVIDE (stext, ABSOLUTE (.))
 *(.interp)
 *(.hash)
 *(.dynsym)
 *(.dynstr)
 *(.gnu.version)
 *(.gnu.version_d)
 *(.gnu.version_r)
 *(.rel.init)
 *(.rela.init)
 *(.rel.text .rel.text.* .rel.gnu.linkonce.t.*)
 *(.rela.text .rela.text.* .rela.gnu.linkonce.t.*)
 *(.rel.fini)
 *(.rela.fini)
 *(.rel.rodata .rel.rodata.* .rel.gnu.linkonce.r.*)
 *(.rela.rodata .rela.rodata.* .rela.gnu.linkonce.r.*)
 *(.rel.data .rel.data.* .rel.gnu.linkonce.d.*)
 *(.rela.data .rela.data.* .rela.gnu.linkonce.d.*)
 *(.rel.tdata .rel.tdata.* .rel.gnu.linkonce.td.*)
 *(.rela.tdata .rela.tdata.* .rela.gnu.linkonce.td.*)
 *(.rel.tbss .rel.tbss.* .rel.gnu.linkonce.tb.*)
 *(.rela.tbss .rela.tbss.* .rela.gnu.linkonce.tb.*)
 *(.rel.ctors)
 *(.rela.ctors)
 *(.rel.dtors)
 *(.rela.dtors)
 *(.rel.got)
 *(.rela.got)
 *(.rel.sdata .rel.sdata.* .rel.gnu.linkonce.s.*)
 *(.rela.sdata .rela.sdata.* .rela.gnu.linkonce.s.*)
 *(.rel.sbss .rel.sbss.* .rel.gnu.linkonce.sb.*)
 *(.rela.sbss .rela.sbss.* .rela.gnu.linkonce.sb.*)
 *(.rel.sdata2 .rel.sdata2.* .rel.gnu.linkonce.s2.*)
 *(.rela.sdata2 .rela.sdata2.* .rela.gnu.linkonce.s2.*)
 *(.rel.sbss2 .rel.sbss2.* .rel.gnu.linkonce.sb2.*)
 *(.rela.sbss2 .rela.sbss2.* .rela.gnu.linkonce.sb2.*)
 *(.rel.bss .rel.bss.* .rel.gnu.linkonce.b.*)
 *(.rela.bss .rela.bss.* .rela.gnu.linkonce.b.*)
 *(.rel.plt)
 *(.rela.plt)
 *(.rel.dyn)
 *(.init)
 *(.plt)
 *(.text .stub .text.* .gnu.linkonce.t.*)
 .text          0x0000000000010188       0x4c ../Tarea1_CPU_bsp//obj/HAL/src/crt0.o
                0x0000000000010188                _start
 .text          0x00000000000101d4      0x514 obj/default/main.o
                0x0000000000010488                init_timer_interrupt
                0x00000000000104c8                sound_alarm
                0x0000000000010560                update_time
                0x00000000000106b8                timer_isr
 .text.startup  0x00000000000106e8       0x54 obj/default/main.o
                0x00000000000106e8                main
 .text          0x000000000001073c       0x80 obj/default/segments.o
                0x000000000001073c                display_segments
 .text          0x00000000000107bc        0x0 c:/intelfpga_lite/18.1/nios2eds/bin/gnu/h-x86_64-mingw32/bin/../lib/gcc/nios2-elf/5.3.0/../../../../../H-x86_64-mingw32/nios2-elf/lib\libsmallc.a(lib_a-puts.o)
 .text._puts_r  0x00000000000107bc       0x80 c:/intelfpga_lite/18.1/nios2eds/bin/gnu/h-x86_64-mingw32/bin/../lib/gcc/nios2-elf/5.3.0/../../../../../H-x86_64-mingw32/nios2-elf/lib\libsmallc.a(lib_a-puts.o)
                0x00000000000107bc                _puts_r
 .text.puts     0x000000000001083c       0x14 c:/intelfpga_lite/18.1/nios2eds/bin/gnu/h-x86_64-mingw32/bin/../lib/gcc/nios2-elf/5.3.0/../../../../../H-x86_64-mingw32/nios2-elf/lib\libsmallc.a(lib_a-puts.o)
                0x000000000001083c                puts
 .text          0x0000000000010850        0x0 c:/intelfpga_lite/18.1/nios2eds/bin/gnu/h-x86_64-mingw32/bin/../lib/gcc/nios2-elf/5.3.0/../../../../../H-x86_64-mingw32/nios2-elf/lib\libsmallc.a(lib_a-strlen.o)
 .text.strlen   0x0000000000010850       0x1c c:/intelfpga_lite/18.1/nios2eds/bin/gnu/h-x86_64-mingw32/bin/../lib/gcc/nios2-elf/5.3.0/../../../../../H-x86_64-mingw32/nios2-elf/lib\libsmallc.a(lib_a-strlen.o)
                0x0000000000010850                strlen
 .text          0x000000000001086c        0x0 c:/intelfpga_lite/18.1/nios2eds/bin/gnu/h-x86_64-mingw32/bin/../lib/gcc/nios2-elf/5.3.0/../../../../../H-x86_64-mingw32/nios2-elf/lib\libsmallc.a(lib_a-fvwrite_small_dev.o)
 .text.__sfvwrite_small_dev
                0x000000000001086c       0xb8 c:/intelfpga_lite/18.1/nios2eds/bin/gnu/h-x86_64-mingw32/bin/../lib/gcc/nios2-elf/5.3.0/../../../../../H-x86_64-mingw32/nios2-elf/lib\libsmallc.a(lib_a-fvwrite_small_dev.o)
                0x000000000001086c                __sfvwrite_small_dev
 .text          0x0000000000010924        0x0 c:/intelfpga_lite/18.1/nios2eds/bin/gnu/h-x86_64-mingw32/bin/../lib/gcc/nios2-elf/5.3.0/../../../../../H-x86_64-mingw32/nios2-elf/lib\libsmallc.a(lib_a-impure.o)
 .text          0x0000000000010924        0x0 c:/intelfpga_lite/18.1/nios2eds/bin/gnu/h-x86_64-mingw32/bin/../lib/gcc/nios2-elf/5.3.0/../../../../../H-x86_64-mingw32/nios2-elf/lib\libsmallc.a(lib_a-writer.o)
 .text._write_r
                0x0000000000010924       0x58 c:/intelfpga_lite/18.1/nios2eds/bin/gnu/h-x86_64-mingw32/bin/../lib/gcc/nios2-elf/5.3.0/../../../../../H-x86_64-mingw32/nios2-elf/lib\libsmallc.a(lib_a-writer.o)
                0x0000000000010924                _write_r
 .text          0x000000000001097c        0x0 c:/intelfpga_lite/18.1/nios2eds/bin/gnu/h-x86_64-mingw32/bin/../lib/gcc/nios2-elf/5.3.0/../../../../../H-x86_64-mingw32/nios2-elf/lib\libsmallc.a(lib_a-int_errno.o)
 .text          0x000000000001097c       0x8c ../Tarea1_CPU_bsp/\libhal_bsp.a(alt_iic.o)
                0x000000000001097c                alt_ic_isr_register
                0x0000000000010980                alt_ic_irq_enable
                0x00000000000109b8                alt_ic_irq_disable
                0x00000000000109f0                alt_ic_irq_enabled
 .text          0x0000000000010a08       0x68 ../Tarea1_CPU_bsp/\libhal_bsp.a(alt_iic_isr_register.o)
                0x0000000000010a08                alt_iic_isr_register
 .text          0x0000000000010a70        0x0 ../Tarea1_CPU_bsp/\libhal_bsp.a(alt_irq_entry.o)
 .text          0x0000000000010a70        0x0 ../Tarea1_CPU_bsp/\libhal_bsp.a(alt_irq_handler.o)
 .text          0x0000000000010a70        0x0 ../Tarea1_CPU_bsp/\libhal_bsp.a(alt_irq_vars.o)
 .text          0x0000000000010a70       0xe0 ../Tarea1_CPU_bsp/\libhal_bsp.a(alt_load.o)
                0x0000000000010a70                alt_load
 .text          0x0000000000010b50       0x2c ../Tarea1_CPU_bsp/\libhal_bsp.a(alt_main.o)
                0x0000000000010b50                alt_main
 .text          0x0000000000010b7c       0x60 ../Tarea1_CPU_bsp/\libhal_bsp.a(alt_write.o)
                0x0000000000010b7c                write
 .text          0x0000000000010bdc       0x24 ../Tarea1_CPU_bsp/\libhal_bsp.a(alt_sys_init.o)
                0x0000000000010bdc                alt_irq_init
                0x0000000000010bfc                alt_sys_init
 .text          0x0000000000010c00       0x34 ../Tarea1_CPU_bsp/\libhal_bsp.a(altera_avalon_jtag_uart_write.o)
                0x0000000000010c00                altera_avalon_jtag_uart_write
 .text          0x0000000000010c34       0x18 ../Tarea1_CPU_bsp/\libhal_bsp.a(alt_dcache_flush_all.o)
                0x0000000000010c34                alt_dcache_flush_all
 .text          0x0000000000010c4c        0x0 ../Tarea1_CPU_bsp/\libhal_bsp.a(alt_errno.o)
 .text          0x0000000000010c4c        0x0 ../Tarea1_CPU_bsp/\libhal_bsp.a(alt_exception_entry.o)
 .text          0x0000000000010c4c        0xc ../Tarea1_CPU_bsp/\libhal_bsp.a(alt_icache_flush_all.o)
                0x0000000000010c4c                alt_icache_flush_all
 .text          0x0000000000010c58       0x74 ../Tarea1_CPU_bsp/\libhal_bsp.a(alt_instruction_exception_entry.o)
                0x0000000000010c58                alt_exception_cause_generated_bad_addr
 .text          0x0000000000010ccc        0x8 ../Tarea1_CPU_bsp/\libhal_bsp.a(altera_nios2_gen2_irq.o)
                0x0000000000010ccc                altera_nios2_gen2_irq_init
 .text          0x0000000000010cd4       0x38 ../Tarea1_CPU_bsp/\libhal_bsp.a(alt_icache_flush.o)
                0x0000000000010cd4                alt_icache_flush
 *(.gnu.warning.*)
 *(.fini)
                [!provide]                        PROVIDE (__etext, ABSOLUTE (.))
                [!provide]                        PROVIDE (_etext, ABSOLUTE (.))
                [!provide]                        PROVIDE (etext, ABSOLUTE (.))
 *(.eh_frame_hdr)
                0x0000000000010d0c                . = ALIGN (0x4)
                [!provide]                        PROVIDE (__preinit_array_start, ABSOLUTE (.))
 *(.preinit_array)
                [!provide]                        PROVIDE (__preinit_array_end, ABSOLUTE (.))
                [!provide]                        PROVIDE (__init_array_start, ABSOLUTE (.))
 *(.init_array)
                [!provide]                        PROVIDE (__init_array_end, ABSOLUTE (.))
                [!provide]                        PROVIDE (__fini_array_start, ABSOLUTE (.))
 *(.fini_array)
                [!provide]                        PROVIDE (__fini_array_end, ABSOLUTE (.))
 *(.eh_frame)
 *(.gcc_except_table .gcc_except_table.*)
 *(.dynamic)
                [!provide]                        PROVIDE (__CTOR_LIST__, ABSOLUTE (.))
 *(.ctors)
 *(SORT(.ctors.*))
                [!provide]                        PROVIDE (__CTOR_END__, ABSOLUTE (.))
                [!provide]                        PROVIDE (__DTOR_LIST__, ABSOLUTE (.))
 *(.dtors)
 *(SORT(.dtors.*))
                [!provide]                        PROVIDE (__DTOR_END__, ABSOLUTE (.))
 *(.jcr)
                0x0000000000010d0c                . = ALIGN (0x4)

.rodata         0x0000000000010d0c       0x20
                0x0000000000010d0c                PROVIDE (__ram_rodata_start, ABSOLUTE (.))
                0x0000000000010d0c                . = ALIGN (0x4)
 *(.rodata .rodata.* .gnu.linkonce.r.*)
 .rodata.str1.4
                0x0000000000010d0c       0x1c obj/default/main.o
 .rodata.str1.4
                0x0000000000010d28        0x4 c:/intelfpga_lite/18.1/nios2eds/bin/gnu/h-x86_64-mingw32/bin/../lib/gcc/nios2-elf/5.3.0/../../../../../H-x86_64-mingw32/nios2-elf/lib\libsmallc.a(lib_a-puts.o)
                                          0x2 (size before relaxing)
 *(.rodata1)
                0x0000000000010d2c                . = ALIGN (0x4)
                0x0000000000010d2c                PROVIDE (__ram_rodata_end, ABSOLUTE (.))
                0x0000000000010d0c                PROVIDE (__flash_rodata_start, LOADADDR (.rodata))

.rwdata         0x0000000000010d2c       0xfc load address 0x0000000000010e28
                0x0000000000010d2c                PROVIDE (__ram_rwdata_start, ABSOLUTE (.))
                0x0000000000010d2c                . = ALIGN (0x4)
 *(.got.plt)
 *(.got)
 *(.data1)
 *(.data .data.* .gnu.linkonce.d.*)
 .data          0x0000000000010d2c        0x0 ../Tarea1_CPU_bsp//obj/HAL/src/crt0.o
 .data          0x0000000000010d2c        0x0 obj/default/main.o
 .data          0x0000000000010d2c        0x0 obj/default/segments.o
 .data          0x0000000000010d2c        0x0 c:/intelfpga_lite/18.1/nios2eds/bin/gnu/h-x86_64-mingw32/bin/../lib/gcc/nios2-elf/5.3.0/../../../../../H-x86_64-mingw32/nios2-elf/lib\libsmallc.a(lib_a-puts.o)
 .data          0x0000000000010d2c        0x0 c:/intelfpga_lite/18.1/nios2eds/bin/gnu/h-x86_64-mingw32/bin/../lib/gcc/nios2-elf/5.3.0/../../../../../H-x86_64-mingw32/nios2-elf/lib\libsmallc.a(lib_a-strlen.o)
 .data          0x0000000000010d2c        0x0 c:/intelfpga_lite/18.1/nios2eds/bin/gnu/h-x86_64-mingw32/bin/../lib/gcc/nios2-elf/5.3.0/../../../../../H-x86_64-mingw32/nios2-elf/lib\libsmallc.a(lib_a-fvwrite_small_dev.o)
 .data          0x0000000000010d2c        0x0 c:/intelfpga_lite/18.1/nios2eds/bin/gnu/h-x86_64-mingw32/bin/../lib/gcc/nios2-elf/5.3.0/../../../../../H-x86_64-mingw32/nios2-elf/lib\libsmallc.a(lib_a-impure.o)
 .data.impure_data
                0x0000000000010d2c       0xe0 c:/intelfpga_lite/18.1/nios2eds/bin/gnu/h-x86_64-mingw32/bin/../lib/gcc/nios2-elf/5.3.0/../../../../../H-x86_64-mingw32/nios2-elf/lib\libsmallc.a(lib_a-impure.o)
 .data          0x0000000000010e0c        0x0 c:/intelfpga_lite/18.1/nios2eds/bin/gnu/h-x86_64-mingw32/bin/../lib/gcc/nios2-elf/5.3.0/../../../../../H-x86_64-mingw32/nios2-elf/lib\libsmallc.a(lib_a-writer.o)
 .data          0x0000000000010e0c        0x0 c:/intelfpga_lite/18.1/nios2eds/bin/gnu/h-x86_64-mingw32/bin/../lib/gcc/nios2-elf/5.3.0/../../../../../H-x86_64-mingw32/nios2-elf/lib\libsmallc.a(lib_a-int_errno.o)
 .data          0x0000000000010e0c        0x0 ../Tarea1_CPU_bsp/\libhal_bsp.a(alt_iic.o)
 .data          0x0000000000010e0c        0x0 ../Tarea1_CPU_bsp/\libhal_bsp.a(alt_iic_isr_register.o)
 .data          0x0000000000010e0c        0x0 ../Tarea1_CPU_bsp/\libhal_bsp.a(alt_irq_entry.o)
 .data          0x0000000000010e0c        0x0 ../Tarea1_CPU_bsp/\libhal_bsp.a(alt_irq_handler.o)
 .data          0x0000000000010e0c        0x0 ../Tarea1_CPU_bsp/\libhal_bsp.a(alt_irq_vars.o)
 .data          0x0000000000010e0c        0x0 ../Tarea1_CPU_bsp/\libhal_bsp.a(alt_load.o)
 .data          0x0000000000010e0c        0x0 ../Tarea1_CPU_bsp/\libhal_bsp.a(alt_main.o)
 .data          0x0000000000010e0c        0x0 ../Tarea1_CPU_bsp/\libhal_bsp.a(alt_write.o)
 .data          0x0000000000010e0c        0x0 ../Tarea1_CPU_bsp/\libhal_bsp.a(alt_sys_init.o)
 .data          0x0000000000010e0c        0x0 ../Tarea1_CPU_bsp/\libhal_bsp.a(altera_avalon_jtag_uart_write.o)
 .data          0x0000000000010e0c        0x0 ../Tarea1_CPU_bsp/\libhal_bsp.a(alt_dcache_flush_all.o)
 .data          0x0000000000010e0c        0x0 ../Tarea1_CPU_bsp/\libhal_bsp.a(alt_errno.o)
 .data          0x0000000000010e0c        0x0 ../Tarea1_CPU_bsp/\libhal_bsp.a(alt_exception_entry.o)
 .data          0x0000000000010e0c        0x0 ../Tarea1_CPU_bsp/\libhal_bsp.a(alt_icache_flush_all.o)
 .data          0x0000000000010e0c        0x0 ../Tarea1_CPU_bsp/\libhal_bsp.a(alt_instruction_exception_entry.o)
 .data          0x0000000000010e0c        0x0 ../Tarea1_CPU_bsp/\libhal_bsp.a(altera_nios2_gen2_irq.o)
 .data          0x0000000000010e0c        0x0 ../Tarea1_CPU_bsp/\libhal_bsp.a(alt_icache_flush.o)
                0x0000000000018e0c                _gp = ABSOLUTE ((. + 0x8000))
                [!provide]                        PROVIDE (gp, _gp)
 *(.rwdata .rwdata.*)
 *(.sdata .sdata.* .gnu.linkonce.s.*)
 .sdata         0x0000000000010e0c        0x8 obj/default/main.o
                0x0000000000010e0c                alarm_3
                0x0000000000010e10                alarm_2
 .sdata._global_impure_ptr
                0x0000000000010e14        0x4 c:/intelfpga_lite/18.1/nios2eds/bin/gnu/h-x86_64-mingw32/bin/../lib/gcc/nios2-elf/5.3.0/../../../../../H-x86_64-mingw32/nios2-elf/lib\libsmallc.a(lib_a-impure.o)
                0x0000000000010e14                _global_impure_ptr
 .sdata._impure_ptr
                0x0000000000010e18        0x4 c:/intelfpga_lite/18.1/nios2eds/bin/gnu/h-x86_64-mingw32/bin/../lib/gcc/nios2-elf/5.3.0/../../../../../H-x86_64-mingw32/nios2-elf/lib\libsmallc.a(lib_a-impure.o)
                0x0000000000010e18                _impure_ptr
 .sdata         0x0000000000010e1c        0x4 ../Tarea1_CPU_bsp/\libhal_bsp.a(alt_irq_vars.o)
                0x0000000000010e1c                alt_priority_mask
 .sdata         0x0000000000010e20        0x4 ../Tarea1_CPU_bsp/\libhal_bsp.a(alt_sys_init.o)
                0x0000000000010e20                DEBUG
 .sdata         0x0000000000010e24        0x4 ../Tarea1_CPU_bsp/\libhal_bsp.a(alt_errno.o)
                0x0000000000010e24                alt_errno
 *(.sdata2 .sdata2.* .gnu.linkonce.s2.*)
                0x0000000000010e28                . = ALIGN (0x4)
                0x0000000000010e28                _edata = ABSOLUTE (.)
                [!provide]                        PROVIDE (edata, ABSOLUTE (.))
                0x0000000000010e28                PROVIDE (__ram_rwdata_end, ABSOLUTE (.))
                0x0000000000010e28                PROVIDE (__flash_rwdata_start, LOADADDR (.rwdata))

.bss            0x0000000000010f24      0x150
                0x0000000000010f24                __bss_start = ABSOLUTE (.)
                [!provide]                        PROVIDE (__sbss_start, ABSOLUTE (.))
                [!provide]                        PROVIDE (___sbss_start, ABSOLUTE (.))
 *(.dynsbss)
 *(.sbss .sbss.* .gnu.linkonce.sb.*)
 .sbss          0x0000000000010f24       0x34 obj/default/main.o
                0x0000000000010f24                alarm_flag
                0x0000000000010f28                switches
                0x0000000000010f2c                alarm_1
                0x0000000000010f30                alarm_0
                0x0000000000010f34                Segments_3
                0x0000000000010f38                Segments_2
                0x0000000000010f3c                Segments_1
                0x0000000000010f40                Segments_0
                0x0000000000010f44                hour_1
                0x0000000000010f48                hour_0
                0x0000000000010f4c                minutes_1
                0x0000000000010f50                minutes_0
                0x0000000000010f54                seconds
 .sbss          0x0000000000010f58        0x4 obj/default/main.o
                0x0000000000010f58                fallof_ptr
 .sbss          0x0000000000010f5c        0x4 c:/intelfpga_lite/18.1/nios2eds/bin/gnu/h-x86_64-mingw32/bin/../lib/gcc/nios2-elf/5.3.0/../../../../../H-x86_64-mingw32/nios2-elf/lib\libsmallc.a(lib_a-int_errno.o)
                0x0000000000010f5c                errno
 .sbss          0x0000000000010f60        0x4 ../Tarea1_CPU_bsp/\libhal_bsp.a(alt_irq_vars.o)
                0x0000000000010f60                alt_irq_active
 .sbss          0x0000000000010f64        0xc ../Tarea1_CPU_bsp/\libhal_bsp.a(alt_main.o)
                0x0000000000010f64                alt_envp
                0x0000000000010f68                alt_argv
                0x0000000000010f6c                alt_argc
 .sbss          0x0000000000010f70        0x4 ../Tarea1_CPU_bsp/\libhal_bsp.a(alt_instruction_exception_entry.o)
                0x0000000000010f70                alt_instruction_exception_handler
 *(.sbss2 .sbss2.* .gnu.linkonce.sb2.*)
 *(.scommon)
                [!provide]                        PROVIDE (__sbss_end, ABSOLUTE (.))
                [!provide]                        PROVIDE (___sbss_end, ABSOLUTE (.))
 *(.dynbss)
 *(.bss .bss.* .gnu.linkonce.b.*)
 .bss           0x0000000000010f74        0x0 ../Tarea1_CPU_bsp//obj/HAL/src/crt0.o
 .bss           0x0000000000010f74        0x0 obj/default/main.o
 .bss           0x0000000000010f74        0x0 obj/default/segments.o
 .bss           0x0000000000010f74        0x0 c:/intelfpga_lite/18.1/nios2eds/bin/gnu/h-x86_64-mingw32/bin/../lib/gcc/nios2-elf/5.3.0/../../../../../H-x86_64-mingw32/nios2-elf/lib\libsmallc.a(lib_a-puts.o)
 .bss           0x0000000000010f74        0x0 c:/intelfpga_lite/18.1/nios2eds/bin/gnu/h-x86_64-mingw32/bin/../lib/gcc/nios2-elf/5.3.0/../../../../../H-x86_64-mingw32/nios2-elf/lib\libsmallc.a(lib_a-strlen.o)
 .bss           0x0000000000010f74        0x0 c:/intelfpga_lite/18.1/nios2eds/bin/gnu/h-x86_64-mingw32/bin/../lib/gcc/nios2-elf/5.3.0/../../../../../H-x86_64-mingw32/nios2-elf/lib\libsmallc.a(lib_a-fvwrite_small_dev.o)
 .bss           0x0000000000010f74        0x0 c:/intelfpga_lite/18.1/nios2eds/bin/gnu/h-x86_64-mingw32/bin/../lib/gcc/nios2-elf/5.3.0/../../../../../H-x86_64-mingw32/nios2-elf/lib\libsmallc.a(lib_a-impure.o)
 .bss           0x0000000000010f74        0x0 c:/intelfpga_lite/18.1/nios2eds/bin/gnu/h-x86_64-mingw32/bin/../lib/gcc/nios2-elf/5.3.0/../../../../../H-x86_64-mingw32/nios2-elf/lib\libsmallc.a(lib_a-writer.o)
 .bss           0x0000000000010f74        0x0 c:/intelfpga_lite/18.1/nios2eds/bin/gnu/h-x86_64-mingw32/bin/../lib/gcc/nios2-elf/5.3.0/../../../../../H-x86_64-mingw32/nios2-elf/lib\libsmallc.a(lib_a-int_errno.o)
 .bss           0x0000000000010f74        0x0 ../Tarea1_CPU_bsp/\libhal_bsp.a(alt_iic.o)
 .bss           0x0000000000010f74        0x0 ../Tarea1_CPU_bsp/\libhal_bsp.a(alt_iic_isr_register.o)
 .bss           0x0000000000010f74        0x0 ../Tarea1_CPU_bsp/\libhal_bsp.a(alt_irq_entry.o)
 .bss           0x0000000000010f74        0x0 ../Tarea1_CPU_bsp/\libhal_bsp.a(alt_irq_handler.o)
 .bss           0x0000000000010f74        0x0 ../Tarea1_CPU_bsp/\libhal_bsp.a(alt_irq_vars.o)
 .bss           0x0000000000010f74        0x0 ../Tarea1_CPU_bsp/\libhal_bsp.a(alt_load.o)
 .bss           0x0000000000010f74        0x0 ../Tarea1_CPU_bsp/\libhal_bsp.a(alt_main.o)
 .bss           0x0000000000010f74        0x0 ../Tarea1_CPU_bsp/\libhal_bsp.a(alt_write.o)
 .bss           0x0000000000010f74        0x0 ../Tarea1_CPU_bsp/\libhal_bsp.a(alt_sys_init.o)
 .bss           0x0000000000010f74        0x0 ../Tarea1_CPU_bsp/\libhal_bsp.a(altera_avalon_jtag_uart_write.o)
 .bss           0x0000000000010f74        0x0 ../Tarea1_CPU_bsp/\libhal_bsp.a(alt_dcache_flush_all.o)
 .bss           0x0000000000010f74        0x0 ../Tarea1_CPU_bsp/\libhal_bsp.a(alt_errno.o)
 .bss           0x0000000000010f74        0x0 ../Tarea1_CPU_bsp/\libhal_bsp.a(alt_exception_entry.o)
 .bss           0x0000000000010f74        0x0 ../Tarea1_CPU_bsp/\libhal_bsp.a(alt_icache_flush_all.o)
 .bss           0x0000000000010f74        0x0 ../Tarea1_CPU_bsp/\libhal_bsp.a(alt_instruction_exception_entry.o)
 .bss           0x0000000000010f74        0x0 ../Tarea1_CPU_bsp/\libhal_bsp.a(altera_nios2_gen2_irq.o)
 .bss           0x0000000000010f74        0x0 ../Tarea1_CPU_bsp/\libhal_bsp.a(alt_icache_flush.o)
 *(COMMON)
 COMMON         0x0000000000010f74      0x100 ../Tarea1_CPU_bsp/\libhal_bsp.a(alt_irq_handler.o)
                0x0000000000010f74                alt_irq
                0x0000000000011074                . = ALIGN (0x4)
                0x0000000000011074                __bss_end = ABSOLUTE (.)

.SRAM           0x0000000000011074        0x0
                [!provide]                        PROVIDE (_alt_partition_SRAM_start, ABSOLUTE (.))
 *(.SRAM .SRAM. SRAM.*)
                0x0000000000011074                . = ALIGN (0x4)
                [!provide]                        PROVIDE (_alt_partition_SRAM_end, ABSOLUTE (.))
                0x0000000000011074                _end = ABSOLUTE (.)
                0x0000000000011074                end = ABSOLUTE (.)
                0x0000000000011074                __alt_stack_base = ABSOLUTE (.)
                [!provide]                        PROVIDE (_alt_partition_SRAM_load_addr, LOADADDR (.SRAM))

.stab
 *(.stab)

.stabstr
 *(.stabstr)

.stab.excl
 *(.stab.excl)

.stab.exclstr
 *(.stab.exclstr)

.stab.index
 *(.stab.index)

.stab.indexstr
 *(.stab.indexstr)

.comment        0x0000000000000000       0x23
 *(.comment)
 .comment       0x0000000000000000       0x23 obj/default/main.o
                                         0x24 (size before relaxing)
 .comment       0x0000000000000023       0x24 obj/default/segments.o
 .comment       0x0000000000000023       0x24 c:/intelfpga_lite/18.1/nios2eds/bin/gnu/h-x86_64-mingw32/bin/../lib/gcc/nios2-elf/5.3.0/../../../../../H-x86_64-mingw32/nios2-elf/lib\libsmallc.a(lib_a-puts.o)
 .comment       0x0000000000000023       0x24 c:/intelfpga_lite/18.1/nios2eds/bin/gnu/h-x86_64-mingw32/bin/../lib/gcc/nios2-elf/5.3.0/../../../../../H-x86_64-mingw32/nios2-elf/lib\libsmallc.a(lib_a-strlen.o)
 .comment       0x0000000000000023       0x24 c:/intelfpga_lite/18.1/nios2eds/bin/gnu/h-x86_64-mingw32/bin/../lib/gcc/nios2-elf/5.3.0/../../../../../H-x86_64-mingw32/nios2-elf/lib\libsmallc.a(lib_a-fvwrite_small_dev.o)
 .comment       0x0000000000000023       0x24 c:/intelfpga_lite/18.1/nios2eds/bin/gnu/h-x86_64-mingw32/bin/../lib/gcc/nios2-elf/5.3.0/../../../../../H-x86_64-mingw32/nios2-elf/lib\libsmallc.a(lib_a-impure.o)
 .comment       0x0000000000000023       0x24 c:/intelfpga_lite/18.1/nios2eds/bin/gnu/h-x86_64-mingw32/bin/../lib/gcc/nios2-elf/5.3.0/../../../../../H-x86_64-mingw32/nios2-elf/lib\libsmallc.a(lib_a-writer.o)
 .comment       0x0000000000000023       0x24 c:/intelfpga_lite/18.1/nios2eds/bin/gnu/h-x86_64-mingw32/bin/../lib/gcc/nios2-elf/5.3.0/../../../../../H-x86_64-mingw32/nios2-elf/lib\libsmallc.a(lib_a-int_errno.o)
 .comment       0x0000000000000023       0x24 ../Tarea1_CPU_bsp/\libhal_bsp.a(alt_iic.o)
 .comment       0x0000000000000023       0x24 ../Tarea1_CPU_bsp/\libhal_bsp.a(alt_iic_isr_register.o)
 .comment       0x0000000000000023       0x24 ../Tarea1_CPU_bsp/\libhal_bsp.a(alt_irq_handler.o)
 .comment       0x0000000000000023       0x24 ../Tarea1_CPU_bsp/\libhal_bsp.a(alt_irq_vars.o)
 .comment       0x0000000000000023       0x24 ../Tarea1_CPU_bsp/\libhal_bsp.a(alt_load.o)
 .comment       0x0000000000000023       0x24 ../Tarea1_CPU_bsp/\libhal_bsp.a(alt_main.o)
 .comment       0x0000000000000023       0x24 ../Tarea1_CPU_bsp/\libhal_bsp.a(alt_write.o)
 .comment       0x0000000000000023       0x24 ../Tarea1_CPU_bsp/\libhal_bsp.a(alt_sys_init.o)
 .comment       0x0000000000000023       0x24 ../Tarea1_CPU_bsp/\libhal_bsp.a(altera_avalon_jtag_uart_write.o)
 .comment       0x0000000000000023       0x24 ../Tarea1_CPU_bsp/\libhal_bsp.a(alt_dcache_flush_all.o)
 .comment       0x0000000000000023       0x24 ../Tarea1_CPU_bsp/\libhal_bsp.a(alt_errno.o)
 .comment       0x0000000000000023       0x24 ../Tarea1_CPU_bsp/\libhal_bsp.a(alt_icache_flush_all.o)
 .comment       0x0000000000000023       0x24 ../Tarea1_CPU_bsp/\libhal_bsp.a(alt_instruction_exception_entry.o)
 .comment       0x0000000000000023       0x24 ../Tarea1_CPU_bsp/\libhal_bsp.a(altera_nios2_gen2_irq.o)
 .comment       0x0000000000000023       0x24 ../Tarea1_CPU_bsp/\libhal_bsp.a(alt_icache_flush.o)

.debug
 *(.debug)

.line
 *(.line)

.debug_srcinfo
 *(.debug_srcinfo)

.debug_sfnames
 *(.debug_sfnames)

.debug_aranges  0x0000000000000000      0x368
 *(.debug_aranges)
 .debug_aranges
                0x0000000000000000       0x28 ../Tarea1_CPU_bsp//obj/HAL/src/crt0.o
 .debug_aranges
                0x0000000000000028       0x28 obj/default/main.o
 .debug_aranges
                0x0000000000000050       0x20 obj/default/segments.o
 .debug_aranges
                0x0000000000000070       0x28 c:/intelfpga_lite/18.1/nios2eds/bin/gnu/h-x86_64-mingw32/bin/../lib/gcc/nios2-elf/5.3.0/../../../../../H-x86_64-mingw32/nios2-elf/lib\libsmallc.a(lib_a-puts.o)
 .debug_aranges
                0x0000000000000098       0x20 c:/intelfpga_lite/18.1/nios2eds/bin/gnu/h-x86_64-mingw32/bin/../lib/gcc/nios2-elf/5.3.0/../../../../../H-x86_64-mingw32/nios2-elf/lib\libsmallc.a(lib_a-strlen.o)
 .debug_aranges
                0x00000000000000b8       0x20 c:/intelfpga_lite/18.1/nios2eds/bin/gnu/h-x86_64-mingw32/bin/../lib/gcc/nios2-elf/5.3.0/../../../../../H-x86_64-mingw32/nios2-elf/lib\libsmallc.a(lib_a-fvwrite_small_dev.o)
 .debug_aranges
                0x00000000000000d8       0x18 c:/intelfpga_lite/18.1/nios2eds/bin/gnu/h-x86_64-mingw32/bin/../lib/gcc/nios2-elf/5.3.0/../../../../../H-x86_64-mingw32/nios2-elf/lib\libsmallc.a(lib_a-impure.o)
 .debug_aranges
                0x00000000000000f0       0x20 c:/intelfpga_lite/18.1/nios2eds/bin/gnu/h-x86_64-mingw32/bin/../lib/gcc/nios2-elf/5.3.0/../../../../../H-x86_64-mingw32/nios2-elf/lib\libsmallc.a(lib_a-writer.o)
 .debug_aranges
                0x0000000000000110       0x18 c:/intelfpga_lite/18.1/nios2eds/bin/gnu/h-x86_64-mingw32/bin/../lib/gcc/nios2-elf/5.3.0/../../../../../H-x86_64-mingw32/nios2-elf/lib\libsmallc.a(lib_a-int_errno.o)
 .debug_aranges
                0x0000000000000128       0x20 ../Tarea1_CPU_bsp/\libhal_bsp.a(alt_iic.o)
 .debug_aranges
                0x0000000000000148       0x20 ../Tarea1_CPU_bsp/\libhal_bsp.a(alt_iic_isr_register.o)
 .debug_aranges
                0x0000000000000168       0x30 ../Tarea1_CPU_bsp/\libhal_bsp.a(alt_irq_entry.o)
 .debug_aranges
                0x0000000000000198       0x20 ../Tarea1_CPU_bsp/\libhal_bsp.a(alt_irq_handler.o)
 .debug_aranges
                0x00000000000001b8       0x18 ../Tarea1_CPU_bsp/\libhal_bsp.a(alt_irq_vars.o)
 .debug_aranges
                0x00000000000001d0       0x20 ../Tarea1_CPU_bsp/\libhal_bsp.a(alt_load.o)
 .debug_aranges
                0x00000000000001f0       0x20 ../Tarea1_CPU_bsp/\libhal_bsp.a(alt_main.o)
 .debug_aranges
                0x0000000000000210       0x20 ../Tarea1_CPU_bsp/\libhal_bsp.a(alt_write.o)
 .debug_aranges
                0x0000000000000230       0x20 ../Tarea1_CPU_bsp/\libhal_bsp.a(alt_sys_init.o)
 .debug_aranges
                0x0000000000000250       0x20 ../Tarea1_CPU_bsp/\libhal_bsp.a(altera_avalon_jtag_uart_write.o)
 .debug_aranges
                0x0000000000000270       0x20 ../Tarea1_CPU_bsp/\libhal_bsp.a(alt_dcache_flush_all.o)
 .debug_aranges
                0x0000000000000290       0x18 ../Tarea1_CPU_bsp/\libhal_bsp.a(alt_errno.o)
 .debug_aranges
                0x00000000000002a8       0x38 ../Tarea1_CPU_bsp/\libhal_bsp.a(alt_exception_entry.o)
 .debug_aranges
                0x00000000000002e0       0x20 ../Tarea1_CPU_bsp/\libhal_bsp.a(alt_icache_flush_all.o)
 .debug_aranges
                0x0000000000000300       0x28 ../Tarea1_CPU_bsp/\libhal_bsp.a(alt_instruction_exception_entry.o)
 .debug_aranges
                0x0000000000000328       0x20 ../Tarea1_CPU_bsp/\libhal_bsp.a(altera_nios2_gen2_irq.o)
 .debug_aranges
                0x0000000000000348       0x20 ../Tarea1_CPU_bsp/\libhal_bsp.a(alt_icache_flush.o)

.debug_pubnames
 *(.debug_pubnames)

.debug_info     0x0000000000000000     0x351f
 *(.debug_info .gnu.linkonce.wi.*)
 .debug_info    0x0000000000000000       0x65 ../Tarea1_CPU_bsp//obj/HAL/src/crt0.o
 .debug_info    0x0000000000000065      0x3ff obj/default/main.o
 .debug_info    0x0000000000000464       0xb4 obj/default/segments.o
 .debug_info    0x0000000000000518      0x66d c:/intelfpga_lite/18.1/nios2eds/bin/gnu/h-x86_64-mingw32/bin/../lib/gcc/nios2-elf/5.3.0/../../../../../H-x86_64-mingw32/nios2-elf/lib\libsmallc.a(lib_a-puts.o)
 .debug_info    0x0000000000000b85       0xc9 c:/intelfpga_lite/18.1/nios2eds/bin/gnu/h-x86_64-mingw32/bin/../lib/gcc/nios2-elf/5.3.0/../../../../../H-x86_64-mingw32/nios2-elf/lib\libsmallc.a(lib_a-strlen.o)
 .debug_info    0x0000000000000c4e      0x62b c:/intelfpga_lite/18.1/nios2eds/bin/gnu/h-x86_64-mingw32/bin/../lib/gcc/nios2-elf/5.3.0/../../../../../H-x86_64-mingw32/nios2-elf/lib\libsmallc.a(lib_a-fvwrite_small_dev.o)
 .debug_info    0x0000000000001279      0x5a9 c:/intelfpga_lite/18.1/nios2eds/bin/gnu/h-x86_64-mingw32/bin/../lib/gcc/nios2-elf/5.3.0/../../../../../H-x86_64-mingw32/nios2-elf/lib\libsmallc.a(lib_a-impure.o)
 .debug_info    0x0000000000001822      0x630 c:/intelfpga_lite/18.1/nios2eds/bin/gnu/h-x86_64-mingw32/bin/../lib/gcc/nios2-elf/5.3.0/../../../../../H-x86_64-mingw32/nios2-elf/lib\libsmallc.a(lib_a-writer.o)
 .debug_info    0x0000000000001e52       0x8a c:/intelfpga_lite/18.1/nios2eds/bin/gnu/h-x86_64-mingw32/bin/../lib/gcc/nios2-elf/5.3.0/../../../../../H-x86_64-mingw32/nios2-elf/lib\libsmallc.a(lib_a-int_errno.o)
 .debug_info    0x0000000000001edc      0x38a ../Tarea1_CPU_bsp/\libhal_bsp.a(alt_iic.o)
 .debug_info    0x0000000000002266      0x232 ../Tarea1_CPU_bsp/\libhal_bsp.a(alt_iic_isr_register.o)
 .debug_info    0x0000000000002498       0x6e ../Tarea1_CPU_bsp/\libhal_bsp.a(alt_irq_entry.o)
 .debug_info    0x0000000000002506      0x184 ../Tarea1_CPU_bsp/\libhal_bsp.a(alt_irq_handler.o)
 .debug_info    0x000000000000268a       0x88 ../Tarea1_CPU_bsp/\libhal_bsp.a(alt_irq_vars.o)
 .debug_info    0x0000000000002712      0x1c9 ../Tarea1_CPU_bsp/\libhal_bsp.a(alt_load.o)
 .debug_info    0x00000000000028db      0x169 ../Tarea1_CPU_bsp/\libhal_bsp.a(alt_main.o)
 .debug_info    0x0000000000002a44      0x1c7 ../Tarea1_CPU_bsp/\libhal_bsp.a(alt_write.o)
 .debug_info    0x0000000000002c0b      0x19d ../Tarea1_CPU_bsp/\libhal_bsp.a(alt_sys_init.o)
 .debug_info    0x0000000000002da8      0x197 ../Tarea1_CPU_bsp/\libhal_bsp.a(altera_avalon_jtag_uart_write.o)
 .debug_info    0x0000000000002f3f       0xa6 ../Tarea1_CPU_bsp/\libhal_bsp.a(alt_dcache_flush_all.o)
 .debug_info    0x0000000000002fe5       0xa6 ../Tarea1_CPU_bsp/\libhal_bsp.a(alt_errno.o)
 .debug_info    0x000000000000308b       0x74 ../Tarea1_CPU_bsp/\libhal_bsp.a(alt_exception_entry.o)
 .debug_info    0x00000000000030ff       0xb8 ../Tarea1_CPU_bsp/\libhal_bsp.a(alt_icache_flush_all.o)
 .debug_info    0x00000000000031b7      0x1f8 ../Tarea1_CPU_bsp/\libhal_bsp.a(alt_instruction_exception_entry.o)
 .debug_info    0x00000000000033af       0x92 ../Tarea1_CPU_bsp/\libhal_bsp.a(altera_nios2_gen2_irq.o)
 .debug_info    0x0000000000003441       0xde ../Tarea1_CPU_bsp/\libhal_bsp.a(alt_icache_flush.o)

.debug_abbrev   0x0000000000000000     0x15d3
 *(.debug_abbrev)
 .debug_abbrev  0x0000000000000000       0x12 ../Tarea1_CPU_bsp//obj/HAL/src/crt0.o
 .debug_abbrev  0x0000000000000012      0x1ab obj/default/main.o
 .debug_abbrev  0x00000000000001bd       0x6f obj/default/segments.o
 .debug_abbrev  0x000000000000022c      0x1d6 c:/intelfpga_lite/18.1/nios2eds/bin/gnu/h-x86_64-mingw32/bin/../lib/gcc/nios2-elf/5.3.0/../../../../../H-x86_64-mingw32/nios2-elf/lib\libsmallc.a(lib_a-puts.o)
 .debug_abbrev  0x0000000000000402       0x7f c:/intelfpga_lite/18.1/nios2eds/bin/gnu/h-x86_64-mingw32/bin/../lib/gcc/nios2-elf/5.3.0/../../../../../H-x86_64-mingw32/nios2-elf/lib\libsmallc.a(lib_a-strlen.o)
 .debug_abbrev  0x0000000000000481      0x1bc c:/intelfpga_lite/18.1/nios2eds/bin/gnu/h-x86_64-mingw32/bin/../lib/gcc/nios2-elf/5.3.0/../../../../../H-x86_64-mingw32/nios2-elf/lib\libsmallc.a(lib_a-fvwrite_small_dev.o)
 .debug_abbrev  0x000000000000063d      0x14a c:/intelfpga_lite/18.1/nios2eds/bin/gnu/h-x86_64-mingw32/bin/../lib/gcc/nios2-elf/5.3.0/../../../../../H-x86_64-mingw32/nios2-elf/lib\libsmallc.a(lib_a-impure.o)
 .debug_abbrev  0x0000000000000787      0x1a6 c:/intelfpga_lite/18.1/nios2eds/bin/gnu/h-x86_64-mingw32/bin/../lib/gcc/nios2-elf/5.3.0/../../../../../H-x86_64-mingw32/nios2-elf/lib\libsmallc.a(lib_a-writer.o)
 .debug_abbrev  0x000000000000092d       0x37 c:/intelfpga_lite/18.1/nios2eds/bin/gnu/h-x86_64-mingw32/bin/../lib/gcc/nios2-elf/5.3.0/../../../../../H-x86_64-mingw32/nios2-elf/lib\libsmallc.a(lib_a-int_errno.o)
 .debug_abbrev  0x0000000000000964      0x1a0 ../Tarea1_CPU_bsp/\libhal_bsp.a(alt_iic.o)
 .debug_abbrev  0x0000000000000b04      0x19c ../Tarea1_CPU_bsp/\libhal_bsp.a(alt_iic_isr_register.o)
 .debug_abbrev  0x0000000000000ca0       0x12 ../Tarea1_CPU_bsp/\libhal_bsp.a(alt_irq_entry.o)
 .debug_abbrev  0x0000000000000cb2      0x120 ../Tarea1_CPU_bsp/\libhal_bsp.a(alt_irq_handler.o)
 .debug_abbrev  0x0000000000000dd2       0x40 ../Tarea1_CPU_bsp/\libhal_bsp.a(alt_irq_vars.o)
 .debug_abbrev  0x0000000000000e12       0xd8 ../Tarea1_CPU_bsp/\libhal_bsp.a(alt_load.o)
 .debug_abbrev  0x0000000000000eea       0xee ../Tarea1_CPU_bsp/\libhal_bsp.a(alt_main.o)
 .debug_abbrev  0x0000000000000fd8      0x12e ../Tarea1_CPU_bsp/\libhal_bsp.a(alt_write.o)
 .debug_abbrev  0x0000000000001106      0x10e ../Tarea1_CPU_bsp/\libhal_bsp.a(alt_sys_init.o)
 .debug_abbrev  0x0000000000001214       0xd5 ../Tarea1_CPU_bsp/\libhal_bsp.a(altera_avalon_jtag_uart_write.o)
 .debug_abbrev  0x00000000000012e9       0x5a ../Tarea1_CPU_bsp/\libhal_bsp.a(alt_dcache_flush_all.o)
 .debug_abbrev  0x0000000000001343       0x5a ../Tarea1_CPU_bsp/\libhal_bsp.a(alt_errno.o)
 .debug_abbrev  0x000000000000139d       0x12 ../Tarea1_CPU_bsp/\libhal_bsp.a(alt_exception_entry.o)
 .debug_abbrev  0x00000000000013af       0x6f ../Tarea1_CPU_bsp/\libhal_bsp.a(alt_icache_flush_all.o)
 .debug_abbrev  0x000000000000141e       0xd8 ../Tarea1_CPU_bsp/\libhal_bsp.a(alt_instruction_exception_entry.o)
 .debug_abbrev  0x00000000000014f6       0x42 ../Tarea1_CPU_bsp/\libhal_bsp.a(altera_nios2_gen2_irq.o)
 .debug_abbrev  0x0000000000001538       0x9b ../Tarea1_CPU_bsp/\libhal_bsp.a(alt_icache_flush.o)

.debug_line     0x0000000000000000     0x1738
 *(.debug_line)
 .debug_line    0x0000000000000000       0x72 ../Tarea1_CPU_bsp//obj/HAL/src/crt0.o
 .debug_line    0x0000000000000072      0x17e obj/default/main.o
 .debug_line    0x00000000000001f0      0x10b obj/default/segments.o
 .debug_line    0x00000000000002fb      0x203 c:/intelfpga_lite/18.1/nios2eds/bin/gnu/h-x86_64-mingw32/bin/../lib/gcc/nios2-elf/5.3.0/../../../../../H-x86_64-mingw32/nios2-elf/lib\libsmallc.a(lib_a-puts.o)
 .debug_line    0x00000000000004fe      0x159 c:/intelfpga_lite/18.1/nios2eds/bin/gnu/h-x86_64-mingw32/bin/../lib/gcc/nios2-elf/5.3.0/../../../../../H-x86_64-mingw32/nios2-elf/lib\libsmallc.a(lib_a-strlen.o)
 .debug_line    0x0000000000000657      0x1ed c:/intelfpga_lite/18.1/nios2eds/bin/gnu/h-x86_64-mingw32/bin/../lib/gcc/nios2-elf/5.3.0/../../../../../H-x86_64-mingw32/nios2-elf/lib\libsmallc.a(lib_a-fvwrite_small_dev.o)
 .debug_line    0x0000000000000844      0x153 c:/intelfpga_lite/18.1/nios2eds/bin/gnu/h-x86_64-mingw32/bin/../lib/gcc/nios2-elf/5.3.0/../../../../../H-x86_64-mingw32/nios2-elf/lib\libsmallc.a(lib_a-impure.o)
 .debug_line    0x0000000000000997      0x1ea c:/intelfpga_lite/18.1/nios2eds/bin/gnu/h-x86_64-mingw32/bin/../lib/gcc/nios2-elf/5.3.0/../../../../../H-x86_64-mingw32/nios2-elf/lib\libsmallc.a(lib_a-writer.o)
 .debug_line    0x0000000000000b81       0x5c c:/intelfpga_lite/18.1/nios2eds/bin/gnu/h-x86_64-mingw32/bin/../lib/gcc/nios2-elf/5.3.0/../../../../../H-x86_64-mingw32/nios2-elf/lib\libsmallc.a(lib_a-int_errno.o)
 .debug_line    0x0000000000000bdd       0xf1 ../Tarea1_CPU_bsp/\libhal_bsp.a(alt_iic.o)
 .debug_line    0x0000000000000cce       0xd6 ../Tarea1_CPU_bsp/\libhal_bsp.a(alt_iic_isr_register.o)
 .debug_line    0x0000000000000da4       0x6b ../Tarea1_CPU_bsp/\libhal_bsp.a(alt_irq_entry.o)
 .debug_line    0x0000000000000e0f       0xa5 ../Tarea1_CPU_bsp/\libhal_bsp.a(alt_irq_handler.o)
 .debug_line    0x0000000000000eb4       0x50 ../Tarea1_CPU_bsp/\libhal_bsp.a(alt_irq_vars.o)
 .debug_line    0x0000000000000f04       0xa4 ../Tarea1_CPU_bsp/\libhal_bsp.a(alt_load.o)
 .debug_line    0x0000000000000fa8       0xbd ../Tarea1_CPU_bsp/\libhal_bsp.a(alt_main.o)
 .debug_line    0x0000000000001065      0x16a ../Tarea1_CPU_bsp/\libhal_bsp.a(alt_write.o)
 .debug_line    0x00000000000011cf      0x11a ../Tarea1_CPU_bsp/\libhal_bsp.a(alt_sys_init.o)
 .debug_line    0x00000000000012e9       0xf0 ../Tarea1_CPU_bsp/\libhal_bsp.a(altera_avalon_jtag_uart_write.o)
 .debug_line    0x00000000000013d9       0x5a ../Tarea1_CPU_bsp/\libhal_bsp.a(alt_dcache_flush_all.o)
 .debug_line    0x0000000000001433       0x51 ../Tarea1_CPU_bsp/\libhal_bsp.a(alt_errno.o)
 .debug_line    0x0000000000001484       0xb3 ../Tarea1_CPU_bsp/\libhal_bsp.a(alt_exception_entry.o)
 .debug_line    0x0000000000001537       0x6e ../Tarea1_CPU_bsp/\libhal_bsp.a(alt_icache_flush_all.o)
 .debug_line    0x00000000000015a5       0xc6 ../Tarea1_CPU_bsp/\libhal_bsp.a(alt_instruction_exception_entry.o)
 .debug_line    0x000000000000166b       0x50 ../Tarea1_CPU_bsp/\libhal_bsp.a(altera_nios2_gen2_irq.o)
 .debug_line    0x00000000000016bb       0x7d ../Tarea1_CPU_bsp/\libhal_bsp.a(alt_icache_flush.o)

.debug_frame    0x0000000000000000      0x418
 *(.debug_frame)
 .debug_frame   0x0000000000000000       0xb8 obj/default/main.o
 .debug_frame   0x00000000000000b8       0x20 obj/default/segments.o
 .debug_frame   0x00000000000000d8       0x48 c:/intelfpga_lite/18.1/nios2eds/bin/gnu/h-x86_64-mingw32/bin/../lib/gcc/nios2-elf/5.3.0/../../../../../H-x86_64-mingw32/nios2-elf/lib\libsmallc.a(lib_a-puts.o)
 .debug_frame   0x0000000000000120       0x20 c:/intelfpga_lite/18.1/nios2eds/bin/gnu/h-x86_64-mingw32/bin/../lib/gcc/nios2-elf/5.3.0/../../../../../H-x86_64-mingw32/nios2-elf/lib\libsmallc.a(lib_a-strlen.o)
 .debug_frame   0x0000000000000140       0x58 c:/intelfpga_lite/18.1/nios2eds/bin/gnu/h-x86_64-mingw32/bin/../lib/gcc/nios2-elf/5.3.0/../../../../../H-x86_64-mingw32/nios2-elf/lib\libsmallc.a(lib_a-fvwrite_small_dev.o)
 .debug_frame   0x0000000000000198       0x38 c:/intelfpga_lite/18.1/nios2eds/bin/gnu/h-x86_64-mingw32/bin/../lib/gcc/nios2-elf/5.3.0/../../../../../H-x86_64-mingw32/nios2-elf/lib\libsmallc.a(lib_a-writer.o)
 .debug_frame   0x00000000000001d0       0x50 ../Tarea1_CPU_bsp/\libhal_bsp.a(alt_iic.o)
 .debug_frame   0x0000000000000220       0x30 ../Tarea1_CPU_bsp/\libhal_bsp.a(alt_iic_isr_register.o)
 .debug_frame   0x0000000000000250       0x34 ../Tarea1_CPU_bsp/\libhal_bsp.a(alt_irq_handler.o)
 .debug_frame   0x0000000000000284       0x30 ../Tarea1_CPU_bsp/\libhal_bsp.a(alt_load.o)
 .debug_frame   0x00000000000002b4       0x2c ../Tarea1_CPU_bsp/\libhal_bsp.a(alt_main.o)
 .debug_frame   0x00000000000002e0       0x2c ../Tarea1_CPU_bsp/\libhal_bsp.a(alt_write.o)
 .debug_frame   0x000000000000030c       0x3c ../Tarea1_CPU_bsp/\libhal_bsp.a(alt_sys_init.o)
 .debug_frame   0x0000000000000348       0x20 ../Tarea1_CPU_bsp/\libhal_bsp.a(altera_avalon_jtag_uart_write.o)
 .debug_frame   0x0000000000000368       0x20 ../Tarea1_CPU_bsp/\libhal_bsp.a(alt_dcache_flush_all.o)
 .debug_frame   0x0000000000000388       0x20 ../Tarea1_CPU_bsp/\libhal_bsp.a(alt_icache_flush_all.o)
 .debug_frame   0x00000000000003a8       0x30 ../Tarea1_CPU_bsp/\libhal_bsp.a(alt_instruction_exception_entry.o)
 .debug_frame   0x00000000000003d8       0x20 ../Tarea1_CPU_bsp/\libhal_bsp.a(altera_nios2_gen2_irq.o)
 .debug_frame   0x00000000000003f8       0x20 ../Tarea1_CPU_bsp/\libhal_bsp.a(alt_icache_flush.o)

.debug_str      0x0000000000000000     0x128b
 *(.debug_str)
 .debug_str     0x0000000000000000      0x248 obj/default/main.o
                                        0x29a (size before relaxing)
 .debug_str     0x0000000000000248       0x15 obj/default/segments.o
                                        0x12c (size before relaxing)
 .debug_str     0x000000000000025d      0x3db c:/intelfpga_lite/18.1/nios2eds/bin/gnu/h-x86_64-mingw32/bin/../lib/gcc/nios2-elf/5.3.0/../../../../../H-x86_64-mingw32/nios2-elf/lib\libsmallc.a(lib_a-puts.o)
                                        0x4b3 (size before relaxing)
 .debug_str     0x0000000000000638       0xc4 c:/intelfpga_lite/18.1/nios2eds/bin/gnu/h-x86_64-mingw32/bin/../lib/gcc/nios2-elf/5.3.0/../../../../../H-x86_64-mingw32/nios2-elf/lib\libsmallc.a(lib_a-strlen.o)
                                        0x1cb (size before relaxing)
 .debug_str     0x00000000000006fc       0x60 c:/intelfpga_lite/18.1/nios2eds/bin/gnu/h-x86_64-mingw32/bin/../lib/gcc/nios2-elf/5.3.0/../../../../../H-x86_64-mingw32/nios2-elf/lib\libsmallc.a(lib_a-fvwrite_small_dev.o)
                                        0x4ba (size before relaxing)
 .debug_str     0x000000000000075c       0xe1 c:/intelfpga_lite/18.1/nios2eds/bin/gnu/h-x86_64-mingw32/bin/../lib/gcc/nios2-elf/5.3.0/../../../../../H-x86_64-mingw32/nios2-elf/lib\libsmallc.a(lib_a-impure.o)
                                        0x4a4 (size before relaxing)
 .debug_str     0x000000000000083d       0x42 c:/intelfpga_lite/18.1/nios2eds/bin/gnu/h-x86_64-mingw32/bin/../lib/gcc/nios2-elf/5.3.0/../../../../../H-x86_64-mingw32/nios2-elf/lib\libsmallc.a(lib_a-writer.o)
                                        0x49e (size before relaxing)
 .debug_str     0x000000000000087f       0x3c c:/intelfpga_lite/18.1/nios2eds/bin/gnu/h-x86_64-mingw32/bin/../lib/gcc/nios2-elf/5.3.0/../../../../../H-x86_64-mingw32/nios2-elf/lib\libsmallc.a(lib_a-int_errno.o)
                                        0x1be (size before relaxing)
 .debug_str     0x00000000000008bb      0x12d ../Tarea1_CPU_bsp/\libhal_bsp.a(alt_iic.o)
                                        0x247 (size before relaxing)
 .debug_str     0x00000000000009e8       0x37 ../Tarea1_CPU_bsp/\libhal_bsp.a(alt_iic_isr_register.o)
                                        0x201 (size before relaxing)
 .debug_str     0x0000000000000a1f       0x3a ../Tarea1_CPU_bsp/\libhal_bsp.a(alt_irq_handler.o)
                                        0x18b (size before relaxing)
 .debug_str     0x0000000000000a59       0x17 ../Tarea1_CPU_bsp/\libhal_bsp.a(alt_irq_vars.o)
                                        0x12e (size before relaxing)
 .debug_str     0x0000000000000a70      0x113 ../Tarea1_CPU_bsp/\libhal_bsp.a(alt_load.o)
                                        0x230 (size before relaxing)
 .debug_str     0x0000000000000b83       0x8a ../Tarea1_CPU_bsp/\libhal_bsp.a(alt_main.o)
                                        0x1a9 (size before relaxing)
 .debug_str     0x0000000000000c0d       0x70 ../Tarea1_CPU_bsp/\libhal_bsp.a(alt_write.o)
                                        0x1ce (size before relaxing)
 .debug_str     0x0000000000000c7d       0xb9 ../Tarea1_CPU_bsp/\libhal_bsp.a(alt_sys_init.o)
                                        0x24c (size before relaxing)
 .debug_str     0x0000000000000d36       0x2c ../Tarea1_CPU_bsp/\libhal_bsp.a(altera_avalon_jtag_uart_write.o)
                                        0x209 (size before relaxing)
 .debug_str     0x0000000000000d62       0x1f ../Tarea1_CPU_bsp/\libhal_bsp.a(alt_dcache_flush_all.o)
                                        0x149 (size before relaxing)
 .debug_str     0x0000000000000d81       0x14 ../Tarea1_CPU_bsp/\libhal_bsp.a(alt_errno.o)
                                        0x139 (size before relaxing)
 .debug_str     0x0000000000000d95       0x30 ../Tarea1_CPU_bsp/\libhal_bsp.a(alt_icache_flush_all.o)
                                        0x15a (size before relaxing)
 .debug_str     0x0000000000000dc5      0x48b ../Tarea1_CPU_bsp/\libhal_bsp.a(alt_instruction_exception_entry.o)
                                        0x594 (size before relaxing)
 .debug_str     0x0000000000001250       0x20 ../Tarea1_CPU_bsp/\libhal_bsp.a(altera_nios2_gen2_irq.o)
                                        0x150 (size before relaxing)
 .debug_str     0x0000000000001270       0x1b ../Tarea1_CPU_bsp/\libhal_bsp.a(alt_icache_flush.o)
                                        0x14f (size before relaxing)

.debug_loc      0x0000000000000000      0x94f
 *(.debug_loc)
 .debug_loc     0x0000000000000000       0xb6 obj/default/main.o
 .debug_loc     0x00000000000000b6       0x1f obj/default/segments.o
 .debug_loc     0x00000000000000d5       0x97 c:/intelfpga_lite/18.1/nios2eds/bin/gnu/h-x86_64-mingw32/bin/../lib/gcc/nios2-elf/5.3.0/../../../../../H-x86_64-mingw32/nios2-elf/lib\libsmallc.a(lib_a-puts.o)
 .debug_loc     0x000000000000016c       0x1e c:/intelfpga_lite/18.1/nios2eds/bin/gnu/h-x86_64-mingw32/bin/../lib/gcc/nios2-elf/5.3.0/../../../../../H-x86_64-mingw32/nios2-elf/lib\libsmallc.a(lib_a-strlen.o)
 .debug_loc     0x000000000000018a      0x110 c:/intelfpga_lite/18.1/nios2eds/bin/gnu/h-x86_64-mingw32/bin/../lib/gcc/nios2-elf/5.3.0/../../../../../H-x86_64-mingw32/nios2-elf/lib\libsmallc.a(lib_a-fvwrite_small_dev.o)
 .debug_loc     0x000000000000029a       0xa5 c:/intelfpga_lite/18.1/nios2eds/bin/gnu/h-x86_64-mingw32/bin/../lib/gcc/nios2-elf/5.3.0/../../../../../H-x86_64-mingw32/nios2-elf/lib\libsmallc.a(lib_a-writer.o)
 .debug_loc     0x000000000000033f      0x170 ../Tarea1_CPU_bsp/\libhal_bsp.a(alt_iic.o)
 .debug_loc     0x00000000000004af      0x193 ../Tarea1_CPU_bsp/\libhal_bsp.a(alt_iic_isr_register.o)
 .debug_loc     0x0000000000000642       0x72 ../Tarea1_CPU_bsp/\libhal_bsp.a(alt_irq_handler.o)
 .debug_loc     0x00000000000006b4       0xcf ../Tarea1_CPU_bsp/\libhal_bsp.a(alt_write.o)
 .debug_loc     0x0000000000000783       0x21 ../Tarea1_CPU_bsp/\libhal_bsp.a(alt_sys_init.o)
 .debug_loc     0x00000000000007a4       0x8b ../Tarea1_CPU_bsp/\libhal_bsp.a(altera_avalon_jtag_uart_write.o)
 .debug_loc     0x000000000000082f       0x1f ../Tarea1_CPU_bsp/\libhal_bsp.a(alt_dcache_flush_all.o)
 .debug_loc     0x000000000000084e       0xaf ../Tarea1_CPU_bsp/\libhal_bsp.a(alt_instruction_exception_entry.o)
 .debug_loc     0x00000000000008fd       0x52 ../Tarea1_CPU_bsp/\libhal_bsp.a(alt_icache_flush.o)

.debug_macinfo
 *(.debug_macinfo)

.debug_weaknames
 *(.debug_weaknames)

.debug_funcnames
 *(.debug_funcnames)

.debug_typenames
 *(.debug_typenames)

.debug_varnames
 *(.debug_varnames)

.debug_alt_sim_info
                0x0000000000000000       0x30
 *(.debug_alt_sim_info)
 .debug_alt_sim_info
                0x0000000000000000       0x30 ../Tarea1_CPU_bsp//obj/HAL/src/crt0.o
                0x000000000001a000                __alt_data_end = 0x1a000
                0x000000000001a000                PROVIDE (__alt_stack_pointer, __alt_data_end)
                [!provide]                        PROVIDE (__alt_stack_limit, __alt_stack_base)
                [!provide]                        PROVIDE (__alt_heap_start, end)
                [!provide]                        PROVIDE (__alt_heap_limit, 0x1a000)
OUTPUT(Tarea1_CPU.elf elf32-littlenios2)

.debug_ranges   0x0000000000000000      0x190
 .debug_ranges  0x0000000000000000       0x20 ../Tarea1_CPU_bsp//obj/HAL/src/crt0.o
 .debug_ranges  0x0000000000000020       0x18 obj/default/main.o
 .debug_ranges  0x0000000000000038       0x18 c:/intelfpga_lite/18.1/nios2eds/bin/gnu/h-x86_64-mingw32/bin/../lib/gcc/nios2-elf/5.3.0/../../../../../H-x86_64-mingw32/nios2-elf/lib\libsmallc.a(lib_a-puts.o)
 .debug_ranges  0x0000000000000050       0x10 c:/intelfpga_lite/18.1/nios2eds/bin/gnu/h-x86_64-mingw32/bin/../lib/gcc/nios2-elf/5.3.0/../../../../../H-x86_64-mingw32/nios2-elf/lib\libsmallc.a(lib_a-strlen.o)
 .debug_ranges  0x0000000000000060       0x28 c:/intelfpga_lite/18.1/nios2eds/bin/gnu/h-x86_64-mingw32/bin/../lib/gcc/nios2-elf/5.3.0/../../../../../H-x86_64-mingw32/nios2-elf/lib\libsmallc.a(lib_a-fvwrite_small_dev.o)
 .debug_ranges  0x0000000000000088       0x10 c:/intelfpga_lite/18.1/nios2eds/bin/gnu/h-x86_64-mingw32/bin/../lib/gcc/nios2-elf/5.3.0/../../../../../H-x86_64-mingw32/nios2-elf/lib\libsmallc.a(lib_a-writer.o)
 .debug_ranges  0x0000000000000098       0x28 ../Tarea1_CPU_bsp/\libhal_bsp.a(alt_irq_entry.o)
 .debug_ranges  0x00000000000000c0       0x10 ../Tarea1_CPU_bsp/\libhal_bsp.a(alt_irq_handler.o)
 .debug_ranges  0x00000000000000d0       0x48 ../Tarea1_CPU_bsp/\libhal_bsp.a(alt_load.o)
 .debug_ranges  0x0000000000000118       0x20 ../Tarea1_CPU_bsp/\libhal_bsp.a(alt_write.o)
 .debug_ranges  0x0000000000000138       0x30 ../Tarea1_CPU_bsp/\libhal_bsp.a(alt_exception_entry.o)
 .debug_ranges  0x0000000000000168       0x18 ../Tarea1_CPU_bsp/\libhal_bsp.a(alt_instruction_exception_entry.o)
 .debug_ranges  0x0000000000000180       0x10 ../Tarea1_CPU_bsp/\libhal_bsp.a(alt_icache_flush.o)
